C:\Users\Thomas Therkelsen\Documents\GitHub\Drawing-Robot\PLC\DrawingRobotProject\Logical\Global.typ
C:\Users\Thomas Therkelsen\Documents\GitHub\Drawing-Robot\PLC\DrawingRobotProject\Logical\Global.var
C:\Users\Thomas Therkelsen\Documents\GitHub\Drawing-Robot\PLC\DrawingRobotProject\Logical\Libraries\operator\operator.fun
C:\Users\Thomas Therkelsen\Documents\GitHub\Drawing-Robot\PLC\DrawingRobotProject\Logical\Libraries\operator\operator.typ
C:\Users\Thomas Therkelsen\Documents\GitHub\Drawing-Robot\PLC\DrawingRobotProject\Logical\Libraries\operator\operator.var
C:\Users\Thomas Therkelsen\Documents\GitHub\Drawing-Robot\PLC\DrawingRobotProject\Logical\Libraries\runtime\runtime.fun
C:\Users\Thomas Therkelsen\Documents\GitHub\Drawing-Robot\PLC\DrawingRobotProject\Logical\Libraries\runtime\runtime.typ
C:\Users\Thomas Therkelsen\Documents\GitHub\Drawing-Robot\PLC\DrawingRobotProject\Logical\Libraries\runtime\runtime.var
C:\Users\Thomas Therkelsen\Documents\GitHub\Drawing-Robot\PLC\DrawingRobotProject\Logical\Libraries\astime\astime.fun
C:\Users\Thomas Therkelsen\Documents\GitHub\Drawing-Robot\PLC\DrawingRobotProject\Logical\Libraries\astime\astime.typ
C:\Users\Thomas Therkelsen\Documents\GitHub\Drawing-Robot\PLC\DrawingRobotProject\Logical\Libraries\astime\astime.var
C:\Users\Thomas Therkelsen\Documents\GitHub\Drawing-Robot\PLC\DrawingRobotProject\Logical\Libraries\AsIecCon\AsIecCon.fun
C:\Users\Thomas Therkelsen\Documents\GitHub\Drawing-Robot\PLC\DrawingRobotProject\Logical\Libraries\AsIecCon\AsIecCon.typ
C:\Users\Thomas Therkelsen\Documents\GitHub\Drawing-Robot\PLC\DrawingRobotProject\Logical\Libraries\AsIecCon\AsIecCon.var
C:\Users\Thomas Therkelsen\Documents\GitHub\Drawing-Robot\PLC\DrawingRobotProject\Logical\Libraries\standard\standard.fun
C:\Users\Thomas Therkelsen\Documents\GitHub\Drawing-Robot\PLC\DrawingRobotProject\Logical\Libraries\standard\standard.typ
C:\Users\Thomas Therkelsen\Documents\GitHub\Drawing-Robot\PLC\DrawingRobotProject\Logical\Libraries\standard\standard.var
C:\Users\Thomas Therkelsen\Documents\GitHub\Drawing-Robot\PLC\DrawingRobotProject\Logical\Libraries\AsTCP\AsTCP.fun
C:\Users\Thomas Therkelsen\Documents\GitHub\Drawing-Robot\PLC\DrawingRobotProject\Logical\Libraries\AsTCP\AsTCP.typ
C:\Users\Thomas Therkelsen\Documents\GitHub\Drawing-Robot\PLC\DrawingRobotProject\Logical\Libraries\AsTCP\AsTCP.var
C:\Users\Thomas Therkelsen\Documents\GitHub\Drawing-Robot\PLC\DrawingRobotProject\Logical\Libraries\AsBrStr\AsBrStr.fun
C:\Users\Thomas Therkelsen\Documents\GitHub\Drawing-Robot\PLC\DrawingRobotProject\Logical\Libraries\AsBrStr\AsBrStr.typ
C:\Users\Thomas Therkelsen\Documents\GitHub\Drawing-Robot\PLC\DrawingRobotProject\Logical\Libraries\AsBrStr\AsBrStr.var
