C:\Users\Bruger\Documents\Robotteknologi\Automation studios projekter\PLC_base3\Logical\Global.typ
C:\Users\Bruger\Documents\Robotteknologi\Automation studios projekter\PLC_base3\Logical\Global.var
C:\Users\Bruger\Documents\Robotteknologi\Automation studios projekter\PLC_base3\Logical\Libraries\operator\operator.fun
C:\Users\Bruger\Documents\Robotteknologi\Automation studios projekter\PLC_base3\Logical\Libraries\operator\operator.typ
C:\Users\Bruger\Documents\Robotteknologi\Automation studios projekter\PLC_base3\Logical\Libraries\operator\operator.var
C:\Users\Bruger\Documents\Robotteknologi\Automation studios projekter\PLC_base3\Logical\Libraries\runtime\runtime.fun
C:\Users\Bruger\Documents\Robotteknologi\Automation studios projekter\PLC_base3\Logical\Libraries\runtime\runtime.typ
C:\Users\Bruger\Documents\Robotteknologi\Automation studios projekter\PLC_base3\Logical\Libraries\runtime\runtime.var
C:\Users\Bruger\Documents\Robotteknologi\Automation studios projekter\PLC_base3\Logical\Libraries\astime\astime.fun
C:\Users\Bruger\Documents\Robotteknologi\Automation studios projekter\PLC_base3\Logical\Libraries\astime\astime.typ
C:\Users\Bruger\Documents\Robotteknologi\Automation studios projekter\PLC_base3\Logical\Libraries\astime\astime.var
C:\Users\Bruger\Documents\Robotteknologi\Automation studios projekter\PLC_base3\Logical\Libraries\AsIecCon\AsIecCon.fun
C:\Users\Bruger\Documents\Robotteknologi\Automation studios projekter\PLC_base3\Logical\Libraries\AsIecCon\AsIecCon.typ
C:\Users\Bruger\Documents\Robotteknologi\Automation studios projekter\PLC_base3\Logical\Libraries\AsIecCon\AsIecCon.var
C:\Users\Bruger\Documents\Robotteknologi\Automation studios projekter\PLC_base3\Logical\Libraries\standard\standard.fun
C:\Users\Bruger\Documents\Robotteknologi\Automation studios projekter\PLC_base3\Logical\Libraries\standard\standard.typ
C:\Users\Bruger\Documents\Robotteknologi\Automation studios projekter\PLC_base3\Logical\Libraries\standard\standard.var
