<?xml version="1.0" encoding="utf-8"?>
<?AutomationStudio Version="4.8.2.72"?>
<Objects>
  <Object
    Path="C:\Users\Bruger\Documents\Robotteknologi\Automation studios projekter\PLC_base3\Logical\Package.pkg"
    LogicalPath=""
    Type="Package.ParentUnknown"
    LastWriteTime="132477503076965438" />
  <Object
    Path="C:\Users\Bruger\Documents\Robotteknologi\Automation studios projekter\PLC_base3\Logical\Global.typ"
    LogicalPath="Global.typ"
    Type="File"
    LastWriteTime="132469765833792613"
    Private="false" />
  <Object
    Path="C:\Users\Bruger\Documents\Robotteknologi\Automation studios projekter\PLC_base3\Logical\Global.var"
    LogicalPath="Global.var"
    Type="File"
    LastWriteTime="132469765833948808"
    Private="false" />
  <Object
    Path="C:\Users\Bruger\Documents\Robotteknologi\Automation studios projekter\PLC_base3\Logical\Libraries\Package.pkg"
    LogicalPath="Libraries"
    Type="Package"
    LastWriteTime="132471832145072520" />
  <Object
    Path="C:\Users\Bruger\Documents\Robotteknologi\Automation studios projekter\PLC_base3\Logical\Libraries\operator\binary.lby"
    LogicalPath="Libraries.operator"
    Type="Library"
    LastWriteTime="132469765868315752" />
  <Object
    Path="C:\Users\Bruger\Documents\Robotteknologi\Automation studios projekter\PLC_base3\Logical\Libraries\operator\operator.fun"
    LogicalPath="Libraries.operator.operator.fun"
    Type="File"
    LastWriteTime="132469765868003321"
    Private="false" />
  <Object
    Path="C:\Users\Bruger\Documents\Robotteknologi\Automation studios projekter\PLC_base3\Logical\Libraries\operator\operator.typ"
    LogicalPath="Libraries.operator.operator.typ"
    Type="File"
    LastWriteTime="132469765868159542"
    Private="false" />
  <Object
    Path="C:\Users\Bruger\Documents\Robotteknologi\Automation studios projekter\PLC_base3\Logical\Libraries\operator\operator.var"
    LogicalPath="Libraries.operator.operator.var"
    Type="File"
    LastWriteTime="132469765868315752"
    Private="false" />
  <Object
    Path="C:\Users\Bruger\Documents\Robotteknologi\Automation studios projekter\PLC_base3\Logical\Libraries\runtime\binary.lby"
    LogicalPath="Libraries.runtime"
    Type="Library"
    LastWriteTime="132469765872221101" />
  <Object
    Path="C:\Users\Bruger\Documents\Robotteknologi\Automation studios projekter\PLC_base3\Logical\Libraries\runtime\runtime.fun"
    LogicalPath="Libraries.runtime.runtime.fun"
    Type="File"
    LastWriteTime="132469765872064872"
    Private="false" />
  <Object
    Path="C:\Users\Bruger\Documents\Robotteknologi\Automation studios projekter\PLC_base3\Logical\Libraries\runtime\runtime.typ"
    LogicalPath="Libraries.runtime.runtime.typ"
    Type="File"
    LastWriteTime="132469765872221101"
    Private="false" />
  <Object
    Path="C:\Users\Bruger\Documents\Robotteknologi\Automation studios projekter\PLC_base3\Logical\Libraries\runtime\runtime.var"
    LogicalPath="Libraries.runtime.runtime.var"
    Type="File"
    LastWriteTime="132469765872221101"
    Private="false" />
  <Object
    Path="C:\Users\Bruger\Documents\Robotteknologi\Automation studios projekter\PLC_base3\Logical\Libraries\astime\binary.lby"
    LogicalPath="Libraries.astime"
    Type="Library"
    LastWriteTime="132469765876751264" />
  <Object
    Path="C:\Users\Bruger\Documents\Robotteknologi\Automation studios projekter\PLC_base3\Logical\Libraries\astime\astime.fun"
    LogicalPath="Libraries.astime.astime.fun"
    Type="File"
    LastWriteTime="132469765876595048"
    Private="false" />
  <Object
    Path="C:\Users\Bruger\Documents\Robotteknologi\Automation studios projekter\PLC_base3\Logical\Libraries\astime\astime.typ"
    LogicalPath="Libraries.astime.astime.typ"
    Type="File"
    LastWriteTime="132469765876595048"
    Private="false" />
  <Object
    Path="C:\Users\Bruger\Documents\Robotteknologi\Automation studios projekter\PLC_base3\Logical\Libraries\astime\astime.var"
    LogicalPath="Libraries.astime.astime.var"
    Type="File"
    LastWriteTime="132469765876751264"
    Private="false" />
  <Object
    Path="C:\Users\Bruger\Documents\Robotteknologi\Automation studios projekter\PLC_base3\Logical\Libraries\AsIecCon\binary.lby"
    LogicalPath="Libraries.AsIecCon"
    Type="Library"
    LastWriteTime="132469765880969022" />
  <Object
    Path="C:\Users\Bruger\Documents\Robotteknologi\Automation studios projekter\PLC_base3\Logical\Libraries\AsIecCon\AsIecCon.fun"
    LogicalPath="Libraries.AsIecCon.AsIecCon.fun"
    Type="File"
    LastWriteTime="132469765880969022"
    Private="false" />
  <Object
    Path="C:\Users\Bruger\Documents\Robotteknologi\Automation studios projekter\PLC_base3\Logical\Libraries\AsIecCon\AsIecCon.typ"
    LogicalPath="Libraries.AsIecCon.AsIecCon.typ"
    Type="File"
    LastWriteTime="132469765880969022"
    Private="false" />
  <Object
    Path="C:\Users\Bruger\Documents\Robotteknologi\Automation studios projekter\PLC_base3\Logical\Libraries\AsIecCon\AsIecCon.var"
    LogicalPath="Libraries.AsIecCon.AsIecCon.var"
    Type="File"
    LastWriteTime="132469765880969022"
    Private="false" />
  <Object
    Path="C:\Users\Bruger\Documents\Robotteknologi\Automation studios projekter\PLC_base3\Logical\Libraries\standard\binary.lby"
    LogicalPath="Libraries.standard"
    Type="Library"
    LastWriteTime="132471832144555724" />
  <Object
    Path="C:\Users\Bruger\Documents\Robotteknologi\Automation studios projekter\PLC_base3\Logical\Libraries\standard\standard.fun"
    LogicalPath="Libraries.standard.standard.fun"
    Type="File"
    LastWriteTime="132471832144137745"
    Private="false" />
  <Object
    Path="C:\Users\Bruger\Documents\Robotteknologi\Automation studios projekter\PLC_base3\Logical\Libraries\standard\standard.typ"
    LogicalPath="Libraries.standard.standard.typ"
    Type="File"
    LastWriteTime="132471832144297302"
    Private="false" />
  <Object
    Path="C:\Users\Bruger\Documents\Robotteknologi\Automation studios projekter\PLC_base3\Logical\Libraries\standard\standard.var"
    LogicalPath="Libraries.standard.standard.var"
    Type="File"
    LastWriteTime="132471832144434852"
    Private="false" />
  <Object
    Path="C:\Users\Bruger\Documents\Robotteknologi\Automation studios projekter\PLC_base3\Logical\Program\IEC.prg"
    LogicalPath="Program"
    Type="Program"
    LastWriteTime="132469766426678315" />
  <Object
    Path="C:\Users\Bruger\Documents\Robotteknologi\Automation studios projekter\PLC_base3\Logical\Program\Main.st"
    LogicalPath="Program.Main.st"
    Type="File"
    LastWriteTime="132477608367594966"
    Private="false" />
  <Object
    Path="C:\Users\Bruger\Documents\Robotteknologi\Automation studios projekter\PLC_base3\Logical\Program\Types.typ"
    LogicalPath="Program.Types.typ"
    Type="File"
    LastWriteTime="132469766426678315"
    Private="true" />
  <Object
    Path="C:\Users\Bruger\Documents\Robotteknologi\Automation studios projekter\PLC_base3\Logical\Program\Variables.var"
    LogicalPath="Program.Variables.var"
    Type="File"
    LastWriteTime="132477547492811805"
    Private="true" />
  <Object
    Path="C:\Users\Bruger\Documents\Robotteknologi\Automation studios projekter\PLC_base3\Physical\Config1\Config.pkg"
    LogicalPath="Config1"
    Type="Configuration.ParentUnknown"
    LastWriteTime="132469765917054335" />
  <Object
    Path="C:\Users\Bruger\Documents\Robotteknologi\Automation studios projekter\PLC_base3\Physical\Config1\Hardware.hw"
    LogicalPath="Config1.Hardware.hw"
    Type="File"
    LastWriteTime="132477585473706040"
    Private="false" />
  <Object
    Path="C:\Users\Bruger\Documents\Robotteknologi\Automation studios projekter\PLC_base3\Physical\Config1\Hardware.hwl"
    LogicalPath="Config1.Hardware.hwl"
    Type="File"
    LastWriteTime="132469767751272549"
    Private="false" />
  <Object
    Path="C:\Users\Bruger\Documents\Robotteknologi\Automation studios projekter\PLC_base3\Physical\Config1\X20CP1382\Cpu.pkg"
    LogicalPath="Config1.X20CP1382"
    Type="Cpu"
    LastWriteTime="132477533764480590" />
  <Object
    Path="C:\Users\Bruger\Documents\Robotteknologi\Automation studios projekter\PLC_base3\Physical\Config1\X20CP1382\Cpu.sw"
    LogicalPath="Config1.X20CP1382.Cpu.sw"
    Type="File"
    LastWriteTime="132477585844080854"
    Private="false" />
  <Object
    Path="C:\Users\Bruger\Documents\Robotteknologi\Automation studios projekter\PLC_base3\Physical\Config1\X20CP1382\Cpu.per"
    LogicalPath="Config1.X20CP1382.Cpu.per"
    Type="File"
    LastWriteTime="132469765884718146"
    Private="false" />
  <Object
    Path="C:\Users\Bruger\Documents\Robotteknologi\Automation studios projekter\PLC_base3\Physical\Config1\X20CP1382\IoMap.iom"
    LogicalPath="Config1.X20CP1382.IoMap.iom"
    Type="File"
    LastWriteTime="132471820683235627"
    Private="false" />
  <Object
    Path="C:\Users\Bruger\Documents\Robotteknologi\Automation studios projekter\PLC_base3\Physical\Config1\X20CP1382\PvMap.vvm"
    LogicalPath="Config1.X20CP1382.PvMap.vvm"
    Type="File"
    LastWriteTime="132469765885030581"
    Private="false" />
  <Object
    Path="C:\Users\Bruger\Documents\Robotteknologi\Automation studios projekter\PLC_base3\Physical\Config1\X20CP1382\Connectivity\Package.pkg"
    LogicalPath="Config1.X20CP1382.Connectivity"
    Type="Package"
    LastWriteTime="132469765885655432" />
  <Object
    Path="C:\Users\Bruger\Documents\Robotteknologi\Automation studios projekter\PLC_base3\Physical\Config1\X20CP1382\Connectivity\OpcUA\Package.pkg"
    LogicalPath="Config1.X20CP1382.Connectivity.OpcUA"
    Type="Package"
    LastWriteTime="132469765885655432" />
  <Object
    Path="C:\Users\Bruger\Documents\Robotteknologi\Automation studios projekter\PLC_base3\Physical\Config1\X20CP1382\TextSystem\Package.pkg"
    LogicalPath="Config1.X20CP1382.TextSystem"
    Type="Package"
    LastWriteTime="132469765885967859" />
  <Object
    Path="C:\Users\Bruger\Documents\Robotteknologi\Automation studios projekter\PLC_base3\Physical\Config1\X20CP1382\UnitSystem\Package.pkg"
    LogicalPath="Config1.X20CP1382.UnitSystem"
    Type="Package"
    LastWriteTime="132469765886280305" />
  <Object
    Path="C:\Users\Bruger\Documents\Robotteknologi\Automation studios projekter\PLC_base3\Physical\Config1\X20CP1382\AccessAndSecurity\Package.pkg"
    LogicalPath="Config1.X20CP1382.AccessAndSecurity"
    Type="Package"
    LastWriteTime="132469765888467269" />
  <Object
    Path="C:\Users\Bruger\Documents\Robotteknologi\Automation studios projekter\PLC_base3\Physical\Config1\X20CP1382\AccessAndSecurity\UserRoleSystem\Package.pkg"
    LogicalPath="Config1.X20CP1382.AccessAndSecurity.UserRoleSystem"
    Type="Package"
    LastWriteTime="132469765886748918" />
  <Object
    Path="C:\Users\Bruger\Documents\Robotteknologi\Automation studios projekter\PLC_base3\Physical\Config1\X20CP1382\AccessAndSecurity\UserRoleSystem\Role.role"
    LogicalPath="Config1.X20CP1382.AccessAndSecurity.UserRoleSystem.Role.role"
    Type="File"
    LastWriteTime="132469765886592703"
    Private="false" />
  <Object
    Path="C:\Users\Bruger\Documents\Robotteknologi\Automation studios projekter\PLC_base3\Physical\Config1\X20CP1382\AccessAndSecurity\UserRoleSystem\User.user"
    LogicalPath="Config1.X20CP1382.AccessAndSecurity.UserRoleSystem.User.user"
    Type="File"
    LastWriteTime="132469765886748918"
    Private="false" />
  <Object
    Path="C:\Users\Bruger\Documents\Robotteknologi\Automation studios projekter\PLC_base3\Physical\Config1\X20CP1382\AccessAndSecurity\CertificateStore\Package.pkg"
    LogicalPath="Config1.X20CP1382.AccessAndSecurity.CertificateStore"
    Type="Package"
    LastWriteTime="132469765888154842" />
  <Object
    Path="C:\Users\Bruger\Documents\Robotteknologi\Automation studios projekter\PLC_base3\Physical\Config1\X20CP1382\AccessAndSecurity\CertificateStore\OwnCertificates\Package.pkg"
    LogicalPath="Config1.X20CP1382.AccessAndSecurity.CertificateStore.OwnCertificates"
    Type="Package"
    LastWriteTime="132469765887373777" />
  <Object
    Path="C:\Users\Bruger\Documents\Robotteknologi\Automation studios projekter\PLC_base3\Physical\Config1\X20CP1382\AccessAndSecurity\CertificateStore\OwnCertificates\Certificates\Package.pkg"
    LogicalPath="Config1.X20CP1382.AccessAndSecurity.CertificateStore.OwnCertificates.Certificates"
    Type="Package"
    LastWriteTime="132469765887217563" />
  <Object
    Path="C:\Users\Bruger\Documents\Robotteknologi\Automation studios projekter\PLC_base3\Physical\Config1\X20CP1382\AccessAndSecurity\CertificateStore\OwnCertificates\PrivateKeys\Package.pkg"
    LogicalPath="Config1.X20CP1382.AccessAndSecurity.CertificateStore.OwnCertificates.PrivateKeys"
    Type="Package"
    LastWriteTime="132469765887373777" />
  <Object
    Path="C:\Users\Bruger\Documents\Robotteknologi\Automation studios projekter\PLC_base3\Physical\Config1\X20CP1382\AccessAndSecurity\CertificateStore\ThirdPartyCertificates\Package.pkg"
    LogicalPath="Config1.X20CP1382.AccessAndSecurity.CertificateStore.ThirdPartyCertificates"
    Type="Package"
    LastWriteTime="132469765887686196" />
  <Object
    Path="C:\Users\Bruger\Documents\Robotteknologi\Automation studios projekter\PLC_base3\Physical\Config1\X20CP1382\AccessAndSecurity\CertificateStore\ThirdPartyCertificates\SoftwareCertificates\Package.pkg"
    LogicalPath="Config1.X20CP1382.AccessAndSecurity.CertificateStore.ThirdPartyCertificates.SoftwareCertificates"
    Type="Package"
    LastWriteTime="132469765887686196" />
  <Object
    Path="C:\Users\Bruger\Documents\Robotteknologi\Automation studios projekter\PLC_base3\Physical\Config1\X20CP1382\AccessAndSecurity\CertificateStore\CertificateRevocationLists\Package.pkg"
    LogicalPath="Config1.X20CP1382.AccessAndSecurity.CertificateStore.CertificateRevocationLists"
    Type="Package"
    LastWriteTime="132469765887842413" />
  <Object
    Path="C:\Users\Bruger\Documents\Robotteknologi\Automation studios projekter\PLC_base3\Physical\Config1\X20CP1382\AccessAndSecurity\CertificateStore\CertificateSigningRequests\Package.pkg"
    LogicalPath="Config1.X20CP1382.AccessAndSecurity.CertificateStore.CertificateSigningRequests"
    Type="Package"
    LastWriteTime="132469765887998623" />
  <Object
    Path="C:\Users\Bruger\Documents\Robotteknologi\Automation studios projekter\PLC_base3\Physical\Config1\X20CP1382\AccessAndSecurity\TransportLayerSecurity\Package.pkg"
    LogicalPath="Config1.X20CP1382.AccessAndSecurity.TransportLayerSecurity"
    Type="Package"
    LastWriteTime="132469765888154842" />
  <Object
    Path="C:\Users\Bruger\Documents\Robotteknologi\Automation studios projekter\PLC_base3\Physical\Config1\X20CP1382\AccessAndSecurity\Firewall\Package.pkg"
    LogicalPath="Config1.X20CP1382.AccessAndSecurity.Firewall"
    Type="Package"
    LastWriteTime="132469765888311055" />
  <Object
    Path="C:\Users\Bruger\Documents\Robotteknologi\Automation studios projekter\PLC_base3\Physical\Config1\X20CP1382\AccessAndSecurity\Firewall\Rules.firewallRules"
    LogicalPath="Config1.X20CP1382.AccessAndSecurity.Firewall.Rules.firewallRules"
    Type="File"
    LastWriteTime="132469765888311055"
    Private="false" />
  <Object
    Path="C:\Users\Bruger\Documents\Robotteknologi\Automation studios projekter\PLC_base3\Physical\Config1\X20CP1382\mappControl\Package.pkg"
    LogicalPath="Config1.X20CP1382.mappControl"
    Type="Package"
    LastWriteTime="132469765888623484" />
  <Object
    Path="C:\Users\Bruger\Documents\Robotteknologi\Automation studios projekter\PLC_base3\Physical\Config1\X20CP1382\mappMotion\Package.pkg"
    LogicalPath="Config1.X20CP1382.mappMotion"
    Type="Package"
    LastWriteTime="132469765888779690" />
  <Object
    Path="C:\Users\Bruger\Documents\Robotteknologi\Automation studios projekter\PLC_base3\Physical\Config1\X20CP1382\mappServices\Package.pkg"
    LogicalPath="Config1.X20CP1382.mappServices"
    Type="Package"
    LastWriteTime="132469765888935910" />
  <Object
    Path="C:\Users\Bruger\Documents\Robotteknologi\Automation studios projekter\PLC_base3\Physical\Config1\X20CP1382\mappView\Package.pkg"
    LogicalPath="Config1.X20CP1382.mappView"
    Type="Package"
    LastWriteTime="132469765889092119" />
  <Object
    Path="C:\Users\Bruger\Documents\Robotteknologi\Automation studios projekter\PLC_base3\Physical\Config1\X20CP1382\mappCockpit\Package.pkg"
    LogicalPath="Config1.X20CP1382.mappCockpit"
    Type="Package"
    LastWriteTime="132469765889248331" />
  <Object
    Path="C:\Users\Bruger\Documents\Robotteknologi\Automation studios projekter\PLC_base3\Physical\Config1\Hardware.jpg"
    LogicalPath="Config1.Hardware.jpg"
    Type="File"
    LastWriteTime="132469767751428758"
    Private="false" />
</Objects>