<?xml version="1.0" encoding="utf-8"?>
<?AutomationStudio Version="4.8.2.72"?>
<Objects>
  <Object
    Path="C:\projects\1semesterproject\Logical\Package.pkg"
    LogicalPath=""
    Type="Package.ParentUnknown"
    LastWriteTime="132478287599242608" />
  <Object
    Path="C:\projects\1semesterproject\Logical\Global.typ"
    LogicalPath="Global.typ"
    Type="File"
    LastWriteTime="132471452046824655"
    Private="false" />
  <Object
    Path="C:\projects\1semesterproject\Logical\Global.var"
    LogicalPath="Global.var"
    Type="File"
    LastWriteTime="132478315715019223"
    Private="false" />
  <Object
    Path="C:\projects\1semesterproject\Logical\Libraries\Package.pkg"
    LogicalPath="Libraries"
    Type="Package"
    LastWriteTime="132471452062950914" />
  <Object
    Path="C:\projects\1semesterproject\Logical\Libraries\operator\binary.lby"
    LogicalPath="Libraries.operator"
    Type="Library"
    LastWriteTime="132471452053224020" />
  <Object
    Path="C:\projects\1semesterproject\Logical\Libraries\operator\operator.fun"
    LogicalPath="Libraries.operator.operator.fun"
    Type="File"
    LastWriteTime="132471452053079843"
    Private="false" />
  <Object
    Path="C:\projects\1semesterproject\Logical\Libraries\operator\operator.typ"
    LogicalPath="Libraries.operator.operator.typ"
    Type="File"
    LastWriteTime="132471452053154196"
    Private="false" />
  <Object
    Path="C:\projects\1semesterproject\Logical\Libraries\operator\operator.var"
    LogicalPath="Libraries.operator.operator.var"
    Type="File"
    LastWriteTime="132471452053214047"
    Private="false" />
  <Object
    Path="C:\projects\1semesterproject\Logical\Libraries\runtime\binary.lby"
    LogicalPath="Libraries.runtime"
    Type="Library"
    LastWriteTime="132471452056431799" />
  <Object
    Path="C:\projects\1semesterproject\Logical\Libraries\runtime\runtime.fun"
    LogicalPath="Libraries.runtime.runtime.fun"
    Type="File"
    LastWriteTime="132471452056267885"
    Private="false" />
  <Object
    Path="C:\projects\1semesterproject\Logical\Libraries\runtime\runtime.typ"
    LogicalPath="Libraries.runtime.runtime.typ"
    Type="File"
    LastWriteTime="132471452056351990"
    Private="false" />
  <Object
    Path="C:\projects\1semesterproject\Logical\Libraries\runtime\runtime.var"
    LogicalPath="Libraries.runtime.runtime.var"
    Type="File"
    LastWriteTime="132471452056421820"
    Private="false" />
  <Object
    Path="C:\projects\1semesterproject\Logical\Libraries\astime\binary.lby"
    LogicalPath="Libraries.astime"
    Type="Library"
    LastWriteTime="132471452059633145" />
  <Object
    Path="C:\projects\1semesterproject\Logical\Libraries\astime\astime.fun"
    LogicalPath="Libraries.astime.astime.fun"
    Type="File"
    LastWriteTime="132471452059490604"
    Private="false" />
  <Object
    Path="C:\projects\1semesterproject\Logical\Libraries\astime\astime.typ"
    LogicalPath="Libraries.astime.astime.typ"
    Type="File"
    LastWriteTime="132471452059557936"
    Private="false" />
  <Object
    Path="C:\projects\1semesterproject\Logical\Libraries\astime\astime.var"
    LogicalPath="Libraries.astime.astime.var"
    Type="File"
    LastWriteTime="132471452059623188"
    Private="false" />
  <Object
    Path="C:\projects\1semesterproject\Logical\Libraries\AsIecCon\binary.lby"
    LogicalPath="Libraries.AsIecCon"
    Type="Library"
    LastWriteTime="132471452062801388" />
  <Object
    Path="C:\projects\1semesterproject\Logical\Libraries\AsIecCon\AsIecCon.fun"
    LogicalPath="Libraries.AsIecCon.AsIecCon.fun"
    Type="File"
    LastWriteTime="132471452062741548"
    Private="false" />
  <Object
    Path="C:\projects\1semesterproject\Logical\Libraries\AsIecCon\AsIecCon.typ"
    LogicalPath="Libraries.AsIecCon.AsIecCon.typ"
    Type="File"
    LastWriteTime="132471452062771475"
    Private="false" />
  <Object
    Path="C:\projects\1semesterproject\Logical\Libraries\AsIecCon\AsIecCon.var"
    LogicalPath="Libraries.AsIecCon.AsIecCon.var"
    Type="File"
    LastWriteTime="132471452062801388"
    Private="false" />
  <Object
    Path="C:\projects\1semesterproject\Logical\Master\IEC.prg"
    LogicalPath="Master"
    Type="Program"
    LastWriteTime="132478283131256960" />
  <Object
    Path="C:\projects\1semesterproject\Logical\Master\Main.st"
    LogicalPath="Master.Main.st"
    Type="File"
    LastWriteTime="132478346371738691"
    Private="false" />
  <Object
    Path="C:\projects\1semesterproject\Logical\Master\Types.typ"
    LogicalPath="Master.Types.typ"
    Type="File"
    LastWriteTime="132471452286619252"
    Private="true" />
  <Object
    Path="C:\projects\1semesterproject\Logical\Master\Variables.var"
    LogicalPath="Master.Variables.var"
    Type="File"
    LastWriteTime="132478298878812750"
    Private="true" />
  <Object
    Path="C:\projects\1semesterproject\Logical\Reset\IEC.prg"
    LogicalPath="Reset"
    Type="Program"
    LastWriteTime="132478312873710372" />
  <Object
    Path="C:\projects\1semesterproject\Logical\Reset\Types.typ"
    LogicalPath="Reset.Types.typ"
    Type="File"
    LastWriteTime="132478312873685852"
    Private="true" />
  <Object
    Path="C:\projects\1semesterproject\Logical\Reset\Cyclic.st"
    LogicalPath="Reset.Cyclic.st"
    Type="File"
    LastWriteTime="132478316149570686"
    Private="false" />
  <Object
    Path="C:\projects\1semesterproject\Logical\Reset\Init.st"
    LogicalPath="Reset.Init.st"
    Type="File"
    LastWriteTime="132478287435618410"
    Private="false" />
  <Object
    Path="C:\projects\1semesterproject\Logical\Reset\Exit.st"
    LogicalPath="Reset.Exit.st"
    Type="File"
    LastWriteTime="132478287435648330"
    Private="false" />
  <Object
    Path="C:\projects\1semesterproject\Logical\Reset\Variables.var"
    LogicalPath="Reset.Variables.var"
    Type="File"
    LastWriteTime="132478287435668270"
    Private="true" />
  <Object
    Path="C:\projects\1semesterproject\Physical\Config1\Config.pkg"
    LogicalPath="Config1"
    Type="Configuration.ParentUnknown"
    LastWriteTime="132471452091082260" />
  <Object
    Path="C:\projects\1semesterproject\Physical\Config1\Hardware.hw"
    LogicalPath="Config1.Hardware.hw"
    Type="File"
    LastWriteTime="132478313712503928"
    Private="false" />
  <Object
    Path="C:\projects\1semesterproject\Physical\Config1\Hardware.hwl"
    LogicalPath="Config1.Hardware.hwl"
    Type="File"
    LastWriteTime="132478344071206715"
    Private="false" />
  <Object
    Path="C:\projects\1semesterproject\Physical\Config1\X20CP1382\Cpu.pkg"
    LogicalPath="Config1.X20CP1382"
    Type="Cpu"
    LastWriteTime="132471452068630562" />
  <Object
    Path="C:\projects\1semesterproject\Physical\Config1\X20CP1382\Cpu.sw"
    LogicalPath="Config1.X20CP1382.Cpu.sw"
    Type="File"
    LastWriteTime="132478309146065738"
    Private="false" />
  <Object
    Path="C:\projects\1semesterproject\Physical\Config1\X20CP1382\Cpu.per"
    LogicalPath="Config1.X20CP1382.Cpu.per"
    Type="File"
    LastWriteTime="132471452065385738"
    Private="false" />
  <Object
    Path="C:\projects\1semesterproject\Physical\Config1\X20CP1382\IoMap.iom"
    LogicalPath="Config1.X20CP1382.IoMap.iom"
    Type="File"
    LastWriteTime="132478306723502844"
    Private="false" />
  <Object
    Path="C:\projects\1semesterproject\Physical\Config1\X20CP1382\PvMap.vvm"
    LogicalPath="Config1.X20CP1382.PvMap.vvm"
    Type="File"
    LastWriteTime="132471452065574619"
    Private="false" />
  <Object
    Path="C:\projects\1semesterproject\Physical\Config1\X20CP1382\Connectivity\Package.pkg"
    LogicalPath="Config1.X20CP1382.Connectivity"
    Type="Package"
    LastWriteTime="132471452066084607" />
  <Object
    Path="C:\projects\1semesterproject\Physical\Config1\X20CP1382\Connectivity\OpcUA\Package.pkg"
    LogicalPath="Config1.X20CP1382.Connectivity.OpcUA"
    Type="Package"
    LastWriteTime="132471452066024752" />
  <Object
    Path="C:\projects\1semesterproject\Physical\Config1\X20CP1382\TextSystem\Package.pkg"
    LogicalPath="Config1.X20CP1382.TextSystem"
    Type="Package"
    LastWriteTime="132471452066274091" />
  <Object
    Path="C:\projects\1semesterproject\Physical\Config1\X20CP1382\UnitSystem\Package.pkg"
    LogicalPath="Config1.X20CP1382.UnitSystem"
    Type="Package"
    LastWriteTime="132471452066471343" />
  <Object
    Path="C:\projects\1semesterproject\Physical\Config1\X20CP1382\AccessAndSecurity\Package.pkg"
    LogicalPath="Config1.X20CP1382.AccessAndSecurity"
    Type="Package"
    LastWriteTime="132471452067973586" />
  <Object
    Path="C:\projects\1semesterproject\Physical\Config1\X20CP1382\AccessAndSecurity\UserRoleSystem\Package.pkg"
    LogicalPath="Config1.X20CP1382.AccessAndSecurity.UserRoleSystem"
    Type="Package"
    LastWriteTime="132471452066812738" />
  <Object
    Path="C:\projects\1semesterproject\Physical\Config1\X20CP1382\AccessAndSecurity\UserRoleSystem\Role.role"
    LogicalPath="Config1.X20CP1382.AccessAndSecurity.UserRoleSystem.Role.role"
    Type="File"
    LastWriteTime="132471452066781609"
    Private="false" />
  <Object
    Path="C:\projects\1semesterproject\Physical\Config1\X20CP1382\AccessAndSecurity\UserRoleSystem\User.user"
    LogicalPath="Config1.X20CP1382.AccessAndSecurity.UserRoleSystem.User.user"
    Type="File"
    LastWriteTime="132471452066812738"
    Private="false" />
  <Object
    Path="C:\projects\1semesterproject\Physical\Config1\X20CP1382\AccessAndSecurity\CertificateStore\Package.pkg"
    LogicalPath="Config1.X20CP1382.AccessAndSecurity.CertificateStore"
    Type="Package"
    LastWriteTime="132471452067589941" />
  <Object
    Path="C:\projects\1semesterproject\Physical\Config1\X20CP1382\AccessAndSecurity\CertificateStore\OwnCertificates\Package.pkg"
    LogicalPath="Config1.X20CP1382.AccessAndSecurity.CertificateStore.OwnCertificates"
    Type="Package"
    LastWriteTime="132471452067150375" />
  <Object
    Path="C:\projects\1semesterproject\Physical\Config1\X20CP1382\AccessAndSecurity\CertificateStore\OwnCertificates\Certificates\Package.pkg"
    LogicalPath="Config1.X20CP1382.AccessAndSecurity.CertificateStore.OwnCertificates.Certificates"
    Type="Package"
    LastWriteTime="132471452067010431" />
  <Object
    Path="C:\projects\1semesterproject\Physical\Config1\X20CP1382\AccessAndSecurity\CertificateStore\OwnCertificates\PrivateKeys\Package.pkg"
    LogicalPath="Config1.X20CP1382.AccessAndSecurity.CertificateStore.OwnCertificates.PrivateKeys"
    Type="Package"
    LastWriteTime="132471452067100192" />
  <Object
    Path="C:\projects\1semesterproject\Physical\Config1\X20CP1382\AccessAndSecurity\CertificateStore\ThirdPartyCertificates\Package.pkg"
    LogicalPath="Config1.X20CP1382.AccessAndSecurity.CertificateStore.ThirdPartyCertificates"
    Type="Package"
    LastWriteTime="132471452067388887" />
  <Object
    Path="C:\projects\1semesterproject\Physical\Config1\X20CP1382\AccessAndSecurity\CertificateStore\ThirdPartyCertificates\SoftwareCertificates\Package.pkg"
    LogicalPath="Config1.X20CP1382.AccessAndSecurity.CertificateStore.ThirdPartyCertificates.SoftwareCertificates"
    Type="Package"
    LastWriteTime="132471452067329031" />
  <Object
    Path="C:\projects\1semesterproject\Physical\Config1\X20CP1382\AccessAndSecurity\CertificateStore\CertificateRevocationLists\Package.pkg"
    LogicalPath="Config1.X20CP1382.AccessAndSecurity.CertificateStore.CertificateRevocationLists"
    Type="Package"
    LastWriteTime="132471452067473172" />
  <Object
    Path="C:\projects\1semesterproject\Physical\Config1\X20CP1382\AccessAndSecurity\CertificateStore\CertificateSigningRequests\Package.pkg"
    LogicalPath="Config1.X20CP1382.AccessAndSecurity.CertificateStore.CertificateSigningRequests"
    Type="Package"
    LastWriteTime="132471452067579634" />
  <Object
    Path="C:\projects\1semesterproject\Physical\Config1\X20CP1382\AccessAndSecurity\TransportLayerSecurity\Package.pkg"
    LogicalPath="Config1.X20CP1382.AccessAndSecurity.TransportLayerSecurity"
    Type="Package"
    LastWriteTime="132471452067739902" />
  <Object
    Path="C:\projects\1semesterproject\Physical\Config1\X20CP1382\AccessAndSecurity\Firewall\Package.pkg"
    LogicalPath="Config1.X20CP1382.AccessAndSecurity.Firewall"
    Type="Package"
    LastWriteTime="132471452067913737" />
  <Object
    Path="C:\projects\1semesterproject\Physical\Config1\X20CP1382\AccessAndSecurity\Firewall\Rules.firewallRules"
    LogicalPath="Config1.X20CP1382.AccessAndSecurity.Firewall.Rules.firewallRules"
    Type="File"
    LastWriteTime="132471452067913737"
    Private="false" />
  <Object
    Path="C:\projects\1semesterproject\Physical\Config1\X20CP1382\mappControl\Package.pkg"
    LogicalPath="Config1.X20CP1382.mappControl"
    Type="Package"
    LastWriteTime="132471452068123179" />
  <Object
    Path="C:\projects\1semesterproject\Physical\Config1\X20CP1382\mappMotion\Package.pkg"
    LogicalPath="Config1.X20CP1382.mappMotion"
    Type="Package"
    LastWriteTime="132471452068222911" />
  <Object
    Path="C:\projects\1semesterproject\Physical\Config1\X20CP1382\mappServices\Package.pkg"
    LogicalPath="Config1.X20CP1382.mappServices"
    Type="Package"
    LastWriteTime="132471452068321411" />
  <Object
    Path="C:\projects\1semesterproject\Physical\Config1\X20CP1382\mappView\Package.pkg"
    LogicalPath="Config1.X20CP1382.mappView"
    Type="Package"
    LastWriteTime="132471452068431103" />
  <Object
    Path="C:\projects\1semesterproject\Physical\Config1\X20CP1382\mappCockpit\Package.pkg"
    LogicalPath="Config1.X20CP1382.mappCockpit"
    Type="Package"
    LastWriteTime="132471452068570748" />
  <Object
    Path="C:\projects\1semesterproject\Physical\Config1\Hardware.jpg"
    LogicalPath="Config1.Hardware.jpg"
    Type="File"
    LastWriteTime="132478344071362885"
    Private="false" />
</Objects>