<?xml version="1.0" encoding="utf-8"?>
<?AutomationStudio Version="4.8.2.72"?>
<Objects>
  <Object
    Path="C:\Users\Thomas Therkelsen\Documents\GitHub\Drawing-Robot\PLC\DrawingRobotProject\Logical\Package.pkg"
    LogicalPath=""
    Type="Package.ParentUnknown"
    LastWriteTime="132518983252711577" />
  <Object
    Path="C:\Users\Thomas Therkelsen\Documents\GitHub\Drawing-Robot\PLC\DrawingRobotProject\Logical\Global.typ"
    LogicalPath="Global.typ"
    Type="File"
    LastWriteTime="132518979808085286"
    Private="false" />
  <Object
    Path="C:\Users\Thomas Therkelsen\Documents\GitHub\Drawing-Robot\PLC\DrawingRobotProject\Logical\Global.var"
    LogicalPath="Global.var"
    Type="File"
    LastWriteTime="132518980479840221"
    Private="false" />
  <Object
    Path="C:\Users\Thomas Therkelsen\Documents\GitHub\Drawing-Robot\PLC\DrawingRobotProject\Logical\Libraries\Package.pkg"
    LogicalPath="Libraries"
    Type="Package"
    LastWriteTime="132518983253511792" />
  <Object
    Path="C:\Users\Thomas Therkelsen\Documents\GitHub\Drawing-Robot\PLC\DrawingRobotProject\Logical\Libraries\operator\binary.lby"
    LogicalPath="Libraries.operator"
    Type="Library"
    LastWriteTime="132518979817861183" />
  <Object
    Path="C:\Users\Thomas Therkelsen\Documents\GitHub\Drawing-Robot\PLC\DrawingRobotProject\Logical\Libraries\operator\operator.fun"
    LogicalPath="Libraries.operator.operator.fun"
    Type="File"
    LastWriteTime="132518979817704923"
    Private="false" />
  <Object
    Path="C:\Users\Thomas Therkelsen\Documents\GitHub\Drawing-Robot\PLC\DrawingRobotProject\Logical\Libraries\operator\operator.typ"
    LogicalPath="Libraries.operator.operator.typ"
    Type="File"
    LastWriteTime="132518979817704923"
    Private="false" />
  <Object
    Path="C:\Users\Thomas Therkelsen\Documents\GitHub\Drawing-Robot\PLC\DrawingRobotProject\Logical\Libraries\operator\operator.var"
    LogicalPath="Libraries.operator.operator.var"
    Type="File"
    LastWriteTime="132518979817861183"
    Private="false" />
  <Object
    Path="C:\Users\Thomas Therkelsen\Documents\GitHub\Drawing-Robot\PLC\DrawingRobotProject\Logical\Libraries\runtime\binary.lby"
    LogicalPath="Libraries.runtime"
    Type="Library"
    LastWriteTime="132518979822429073" />
  <Object
    Path="C:\Users\Thomas Therkelsen\Documents\GitHub\Drawing-Robot\PLC\DrawingRobotProject\Logical\Libraries\runtime\runtime.fun"
    LogicalPath="Libraries.runtime.runtime.fun"
    Type="File"
    LastWriteTime="132518979822429073"
    Private="false" />
  <Object
    Path="C:\Users\Thomas Therkelsen\Documents\GitHub\Drawing-Robot\PLC\DrawingRobotProject\Logical\Libraries\runtime\runtime.typ"
    LogicalPath="Libraries.runtime.runtime.typ"
    Type="File"
    LastWriteTime="132518979822429073"
    Private="false" />
  <Object
    Path="C:\Users\Thomas Therkelsen\Documents\GitHub\Drawing-Robot\PLC\DrawingRobotProject\Logical\Libraries\runtime\runtime.var"
    LogicalPath="Libraries.runtime.runtime.var"
    Type="File"
    LastWriteTime="132518979822429073"
    Private="false" />
  <Object
    Path="C:\Users\Thomas Therkelsen\Documents\GitHub\Drawing-Robot\PLC\DrawingRobotProject\Logical\Libraries\astime\binary.lby"
    LogicalPath="Libraries.astime"
    Type="Library"
    LastWriteTime="132518979826838012" />
  <Object
    Path="C:\Users\Thomas Therkelsen\Documents\GitHub\Drawing-Robot\PLC\DrawingRobotProject\Logical\Libraries\astime\astime.fun"
    LogicalPath="Libraries.astime.astime.fun"
    Type="File"
    LastWriteTime="132518979826838012"
    Private="false" />
  <Object
    Path="C:\Users\Thomas Therkelsen\Documents\GitHub\Drawing-Robot\PLC\DrawingRobotProject\Logical\Libraries\astime\astime.typ"
    LogicalPath="Libraries.astime.astime.typ"
    Type="File"
    LastWriteTime="132518979826838012"
    Private="false" />
  <Object
    Path="C:\Users\Thomas Therkelsen\Documents\GitHub\Drawing-Robot\PLC\DrawingRobotProject\Logical\Libraries\astime\astime.var"
    LogicalPath="Libraries.astime.astime.var"
    Type="File"
    LastWriteTime="132518979826838012"
    Private="false" />
  <Object
    Path="C:\Users\Thomas Therkelsen\Documents\GitHub\Drawing-Robot\PLC\DrawingRobotProject\Logical\Libraries\AsIecCon\binary.lby"
    LogicalPath="Libraries.AsIecCon"
    Type="Library"
    LastWriteTime="132518979831454094" />
  <Object
    Path="C:\Users\Thomas Therkelsen\Documents\GitHub\Drawing-Robot\PLC\DrawingRobotProject\Logical\Libraries\AsIecCon\AsIecCon.fun"
    LogicalPath="Libraries.AsIecCon.AsIecCon.fun"
    Type="File"
    LastWriteTime="132518979831297921"
    Private="false" />
  <Object
    Path="C:\Users\Thomas Therkelsen\Documents\GitHub\Drawing-Robot\PLC\DrawingRobotProject\Logical\Libraries\AsIecCon\AsIecCon.typ"
    LogicalPath="Libraries.AsIecCon.AsIecCon.typ"
    Type="File"
    LastWriteTime="132518979831297921"
    Private="false" />
  <Object
    Path="C:\Users\Thomas Therkelsen\Documents\GitHub\Drawing-Robot\PLC\DrawingRobotProject\Logical\Libraries\AsIecCon\AsIecCon.var"
    LogicalPath="Libraries.AsIecCon.AsIecCon.var"
    Type="File"
    LastWriteTime="132518979831297921"
    Private="false" />
  <Object
    Path="C:\Users\Thomas Therkelsen\Documents\GitHub\Drawing-Robot\PLC\DrawingRobotProject\Logical\Libraries\standard\binary.lby"
    LogicalPath="Libraries.standard"
    Type="Library"
    LastWriteTime="132518982728138859" />
  <Object
    Path="C:\Users\Thomas Therkelsen\Documents\GitHub\Drawing-Robot\PLC\DrawingRobotProject\Logical\Libraries\standard\standard.fun"
    LogicalPath="Libraries.standard.standard.fun"
    Type="File"
    LastWriteTime="132518982728098831"
    Private="false" />
  <Object
    Path="C:\Users\Thomas Therkelsen\Documents\GitHub\Drawing-Robot\PLC\DrawingRobotProject\Logical\Libraries\standard\standard.typ"
    LogicalPath="Libraries.standard.standard.typ"
    Type="File"
    LastWriteTime="132518982728098831"
    Private="false" />
  <Object
    Path="C:\Users\Thomas Therkelsen\Documents\GitHub\Drawing-Robot\PLC\DrawingRobotProject\Logical\Libraries\standard\standard.var"
    LogicalPath="Libraries.standard.standard.var"
    Type="File"
    LastWriteTime="132518982728138859"
    Private="false" />
  <Object
    Path="C:\Users\Thomas Therkelsen\Documents\GitHub\Drawing-Robot\PLC\DrawingRobotProject\Logical\Libraries\AsTCP\binary.lby"
    LogicalPath="Libraries.AsTCP"
    Type="Library"
    LastWriteTime="132518983020701357" />
  <Object
    Path="C:\Users\Thomas Therkelsen\Documents\GitHub\Drawing-Robot\PLC\DrawingRobotProject\Logical\Libraries\AsTCP\AsTCP.fun"
    LogicalPath="Libraries.AsTCP.AsTCP.fun"
    Type="File"
    LastWriteTime="132518983020661416"
    Private="false" />
  <Object
    Path="C:\Users\Thomas Therkelsen\Documents\GitHub\Drawing-Robot\PLC\DrawingRobotProject\Logical\Libraries\AsTCP\AsTCP.typ"
    LogicalPath="Libraries.AsTCP.AsTCP.typ"
    Type="File"
    LastWriteTime="132518983020701357"
    Private="false" />
  <Object
    Path="C:\Users\Thomas Therkelsen\Documents\GitHub\Drawing-Robot\PLC\DrawingRobotProject\Logical\Libraries\AsTCP\AsTCP.var"
    LogicalPath="Libraries.AsTCP.AsTCP.var"
    Type="File"
    LastWriteTime="132518983020701357"
    Private="false" />
  <Object
    Path="C:\Users\Thomas Therkelsen\Documents\GitHub\Drawing-Robot\PLC\DrawingRobotProject\Logical\Libraries\AsBrStr\binary.lby"
    LogicalPath="Libraries.AsBrStr"
    Type="Library"
    LastWriteTime="132518983253311704" />
  <Object
    Path="C:\Users\Thomas Therkelsen\Documents\GitHub\Drawing-Robot\PLC\DrawingRobotProject\Logical\Libraries\AsBrStr\AsBrStr.fun"
    LogicalPath="Libraries.AsBrStr.AsBrStr.fun"
    Type="File"
    LastWriteTime="132518983253271720"
    Private="false" />
  <Object
    Path="C:\Users\Thomas Therkelsen\Documents\GitHub\Drawing-Robot\PLC\DrawingRobotProject\Logical\Libraries\AsBrStr\AsBrStr.typ"
    LogicalPath="Libraries.AsBrStr.AsBrStr.typ"
    Type="File"
    LastWriteTime="132518983253271720"
    Private="false" />
  <Object
    Path="C:\Users\Thomas Therkelsen\Documents\GitHub\Drawing-Robot\PLC\DrawingRobotProject\Logical\Libraries\AsBrStr\AsBrStr.var"
    LogicalPath="Libraries.AsBrStr.AsBrStr.var"
    Type="File"
    LastWriteTime="132518983253311704"
    Private="false" />
  <Object
    Path="C:\Users\Thomas Therkelsen\Documents\GitHub\Drawing-Robot\PLC\DrawingRobotProject\Logical\Program\IEC.prg"
    LogicalPath="Program"
    Type="Program"
    LastWriteTime="132518981131486262" />
  <Object
    Path="C:\Users\Thomas Therkelsen\Documents\GitHub\Drawing-Robot\PLC\DrawingRobotProject\Logical\Program\Main.st"
    LogicalPath="Program.Main.st"
    Type="File"
    LastWriteTime="132519149641501013"
    Private="false" />
  <Object
    Path="C:\Users\Thomas Therkelsen\Documents\GitHub\Drawing-Robot\PLC\DrawingRobotProject\Logical\Program\Types.typ"
    LogicalPath="Program.Types.typ"
    Type="File"
    LastWriteTime="132518981611622505"
    Private="true" />
  <Object
    Path="C:\Users\Thomas Therkelsen\Documents\GitHub\Drawing-Robot\PLC\DrawingRobotProject\Logical\Program\Variables.var"
    LogicalPath="Program.Variables.var"
    Type="File"
    LastWriteTime="132519105188530163"
    Private="true" />
  <Object
    Path="C:\Users\Thomas Therkelsen\Documents\GitHub\Drawing-Robot\PLC\DrawingRobotProject\Logical\Socket\IEC.prg"
    LogicalPath="Socket"
    Type="Program"
    LastWriteTime="132518981000203020" />
  <Object
    Path="C:\Users\Thomas Therkelsen\Documents\GitHub\Drawing-Robot\PLC\DrawingRobotProject\Logical\Socket\Main.st"
    LogicalPath="Socket.Main.st"
    Type="File"
    LastWriteTime="132519137172423447"
    Private="false" />
  <Object
    Path="C:\Users\Thomas Therkelsen\Documents\GitHub\Drawing-Robot\PLC\DrawingRobotProject\Logical\Socket\Types.typ"
    LogicalPath="Socket.Types.typ"
    Type="File"
    LastWriteTime="132518982408852210"
    Private="true" />
  <Object
    Path="C:\Users\Thomas Therkelsen\Documents\GitHub\Drawing-Robot\PLC\DrawingRobotProject\Logical\Socket\Variables.var"
    LogicalPath="Socket.Variables.var"
    Type="File"
    LastWriteTime="132518982469781224"
    Private="true" />
  <Object
    Path="C:\Users\Thomas Therkelsen\Documents\GitHub\Drawing-Robot\PLC\DrawingRobotProject\Physical\Config1\Config.pkg"
    LogicalPath="Config1"
    Type="Configuration.ParentUnknown"
    LastWriteTime="132518979859394572" />
  <Object
    Path="C:\Users\Thomas Therkelsen\Documents\GitHub\Drawing-Robot\PLC\DrawingRobotProject\Physical\Config1\Hardware.hw"
    LogicalPath="Config1.Hardware.hw"
    Type="File"
    LastWriteTime="132519043942557710"
    Private="false" />
  <Object
    Path="C:\Users\Thomas Therkelsen\Documents\GitHub\Drawing-Robot\PLC\DrawingRobotProject\Physical\Config1\Hardware.hwl"
    LogicalPath="Config1.Hardware.hwl"
    Type="File"
    LastWriteTime="132518982029921946"
    Private="false" />
  <Object
    Path="C:\Users\Thomas Therkelsen\Documents\GitHub\Drawing-Robot\PLC\DrawingRobotProject\Physical\Config1\X20CP1382\Cpu.pkg"
    LogicalPath="Config1.X20CP1382"
    Type="Cpu"
    LastWriteTime="132518979836352051" />
  <Object
    Path="C:\Users\Thomas Therkelsen\Documents\GitHub\Drawing-Robot\PLC\DrawingRobotProject\Physical\Config1\X20CP1382\Cpu.sw"
    LogicalPath="Config1.X20CP1382.Cpu.sw"
    Type="File"
    LastWriteTime="132519050674072580"
    Private="false" />
  <Object
    Path="C:\Users\Thomas Therkelsen\Documents\GitHub\Drawing-Robot\PLC\DrawingRobotProject\Physical\Config1\X20CP1382\Cpu.per"
    LogicalPath="Config1.X20CP1382.Cpu.per"
    Type="File"
    LastWriteTime="132518979834942640"
    Private="false" />
  <Object
    Path="C:\Users\Thomas Therkelsen\Documents\GitHub\Drawing-Robot\PLC\DrawingRobotProject\Physical\Config1\X20CP1382\IoMap.iom"
    LogicalPath="Config1.X20CP1382.IoMap.iom"
    Type="File"
    LastWriteTime="132518994412708910"
    Private="false" />
  <Object
    Path="C:\Users\Thomas Therkelsen\Documents\GitHub\Drawing-Robot\PLC\DrawingRobotProject\Physical\Config1\X20CP1382\PvMap.vvm"
    LogicalPath="Config1.X20CP1382.PvMap.vvm"
    Type="File"
    LastWriteTime="132518979834942640"
    Private="false" />
  <Object
    Path="C:\Users\Thomas Therkelsen\Documents\GitHub\Drawing-Robot\PLC\DrawingRobotProject\Physical\Config1\X20CP1382\Connectivity\Package.pkg"
    LogicalPath="Config1.X20CP1382.Connectivity"
    Type="Package"
    LastWriteTime="132518979835256919" />
  <Object
    Path="C:\Users\Thomas Therkelsen\Documents\GitHub\Drawing-Robot\PLC\DrawingRobotProject\Physical\Config1\X20CP1382\Connectivity\OpcUA\Package.pkg"
    LogicalPath="Config1.X20CP1382.Connectivity.OpcUA"
    Type="Package"
    LastWriteTime="132518979835256919" />
  <Object
    Path="C:\Users\Thomas Therkelsen\Documents\GitHub\Drawing-Robot\PLC\DrawingRobotProject\Physical\Config1\X20CP1382\TextSystem\Package.pkg"
    LogicalPath="Config1.X20CP1382.TextSystem"
    Type="Package"
    LastWriteTime="132518979835256919" />
  <Object
    Path="C:\Users\Thomas Therkelsen\Documents\GitHub\Drawing-Robot\PLC\DrawingRobotProject\Physical\Config1\X20CP1382\UnitSystem\Package.pkg"
    LogicalPath="Config1.X20CP1382.UnitSystem"
    Type="Package"
    LastWriteTime="132518979835256919" />
  <Object
    Path="C:\Users\Thomas Therkelsen\Documents\GitHub\Drawing-Robot\PLC\DrawingRobotProject\Physical\Config1\X20CP1382\AccessAndSecurity\Package.pkg"
    LogicalPath="Config1.X20CP1382.AccessAndSecurity"
    Type="Package"
    LastWriteTime="132518979836036695" />
  <Object
    Path="C:\Users\Thomas Therkelsen\Documents\GitHub\Drawing-Robot\PLC\DrawingRobotProject\Physical\Config1\X20CP1382\AccessAndSecurity\UserRoleSystem\Package.pkg"
    LogicalPath="Config1.X20CP1382.AccessAndSecurity.UserRoleSystem"
    Type="Package"
    LastWriteTime="132518979835570795" />
  <Object
    Path="C:\Users\Thomas Therkelsen\Documents\GitHub\Drawing-Robot\PLC\DrawingRobotProject\Physical\Config1\X20CP1382\AccessAndSecurity\UserRoleSystem\Role.role"
    LogicalPath="Config1.X20CP1382.AccessAndSecurity.UserRoleSystem.Role.role"
    Type="File"
    LastWriteTime="132518979835411653"
    Private="false" />
  <Object
    Path="C:\Users\Thomas Therkelsen\Documents\GitHub\Drawing-Robot\PLC\DrawingRobotProject\Physical\Config1\X20CP1382\AccessAndSecurity\UserRoleSystem\User.user"
    LogicalPath="Config1.X20CP1382.AccessAndSecurity.UserRoleSystem.User.user"
    Type="File"
    LastWriteTime="132518979835411653"
    Private="false" />
  <Object
    Path="C:\Users\Thomas Therkelsen\Documents\GitHub\Drawing-Robot\PLC\DrawingRobotProject\Physical\Config1\X20CP1382\AccessAndSecurity\CertificateStore\Package.pkg"
    LogicalPath="Config1.X20CP1382.AccessAndSecurity.CertificateStore"
    Type="Package"
    LastWriteTime="132518979835880434" />
  <Object
    Path="C:\Users\Thomas Therkelsen\Documents\GitHub\Drawing-Robot\PLC\DrawingRobotProject\Physical\Config1\X20CP1382\AccessAndSecurity\CertificateStore\OwnCertificates\Package.pkg"
    LogicalPath="Config1.X20CP1382.AccessAndSecurity.CertificateStore.OwnCertificates"
    Type="Package"
    LastWriteTime="132518979835724174" />
  <Object
    Path="C:\Users\Thomas Therkelsen\Documents\GitHub\Drawing-Robot\PLC\DrawingRobotProject\Physical\Config1\X20CP1382\AccessAndSecurity\CertificateStore\OwnCertificates\Certificates\Package.pkg"
    LogicalPath="Config1.X20CP1382.AccessAndSecurity.CertificateStore.OwnCertificates.Certificates"
    Type="Package"
    LastWriteTime="132518979835724174" />
  <Object
    Path="C:\Users\Thomas Therkelsen\Documents\GitHub\Drawing-Robot\PLC\DrawingRobotProject\Physical\Config1\X20CP1382\AccessAndSecurity\CertificateStore\OwnCertificates\PrivateKeys\Package.pkg"
    LogicalPath="Config1.X20CP1382.AccessAndSecurity.CertificateStore.OwnCertificates.PrivateKeys"
    Type="Package"
    LastWriteTime="132518979835724174" />
  <Object
    Path="C:\Users\Thomas Therkelsen\Documents\GitHub\Drawing-Robot\PLC\DrawingRobotProject\Physical\Config1\X20CP1382\AccessAndSecurity\CertificateStore\ThirdPartyCertificates\Package.pkg"
    LogicalPath="Config1.X20CP1382.AccessAndSecurity.CertificateStore.ThirdPartyCertificates"
    Type="Package"
    LastWriteTime="132518979835724174" />
  <Object
    Path="C:\Users\Thomas Therkelsen\Documents\GitHub\Drawing-Robot\PLC\DrawingRobotProject\Physical\Config1\X20CP1382\AccessAndSecurity\CertificateStore\ThirdPartyCertificates\SoftwareCertificates\Package.pkg"
    LogicalPath="Config1.X20CP1382.AccessAndSecurity.CertificateStore.ThirdPartyCertificates.SoftwareCertificates"
    Type="Package"
    LastWriteTime="132518979835724174" />
  <Object
    Path="C:\Users\Thomas Therkelsen\Documents\GitHub\Drawing-Robot\PLC\DrawingRobotProject\Physical\Config1\X20CP1382\AccessAndSecurity\CertificateStore\CertificateRevocationLists\Package.pkg"
    LogicalPath="Config1.X20CP1382.AccessAndSecurity.CertificateStore.CertificateRevocationLists"
    Type="Package"
    LastWriteTime="132518979835880434" />
  <Object
    Path="C:\Users\Thomas Therkelsen\Documents\GitHub\Drawing-Robot\PLC\DrawingRobotProject\Physical\Config1\X20CP1382\AccessAndSecurity\CertificateStore\CertificateSigningRequests\Package.pkg"
    LogicalPath="Config1.X20CP1382.AccessAndSecurity.CertificateStore.CertificateSigningRequests"
    Type="Package"
    LastWriteTime="132518979835880434" />
  <Object
    Path="C:\Users\Thomas Therkelsen\Documents\GitHub\Drawing-Robot\PLC\DrawingRobotProject\Physical\Config1\X20CP1382\AccessAndSecurity\TransportLayerSecurity\Package.pkg"
    LogicalPath="Config1.X20CP1382.AccessAndSecurity.TransportLayerSecurity"
    Type="Package"
    LastWriteTime="132518979835880434" />
  <Object
    Path="C:\Users\Thomas Therkelsen\Documents\GitHub\Drawing-Robot\PLC\DrawingRobotProject\Physical\Config1\X20CP1382\AccessAndSecurity\Firewall\Package.pkg"
    LogicalPath="Config1.X20CP1382.AccessAndSecurity.Firewall"
    Type="Package"
    LastWriteTime="132518979836036695" />
  <Object
    Path="C:\Users\Thomas Therkelsen\Documents\GitHub\Drawing-Robot\PLC\DrawingRobotProject\Physical\Config1\X20CP1382\AccessAndSecurity\Firewall\Rules.firewallRules"
    LogicalPath="Config1.X20CP1382.AccessAndSecurity.Firewall.Rules.firewallRules"
    Type="File"
    LastWriteTime="132518979836036695"
    Private="false" />
  <Object
    Path="C:\Users\Thomas Therkelsen\Documents\GitHub\Drawing-Robot\PLC\DrawingRobotProject\Physical\Config1\X20CP1382\mappControl\Package.pkg"
    LogicalPath="Config1.X20CP1382.mappControl"
    Type="Package"
    LastWriteTime="132518979836036695" />
  <Object
    Path="C:\Users\Thomas Therkelsen\Documents\GitHub\Drawing-Robot\PLC\DrawingRobotProject\Physical\Config1\X20CP1382\mappMotion\Package.pkg"
    LogicalPath="Config1.X20CP1382.mappMotion"
    Type="Package"
    LastWriteTime="132518979836036695" />
  <Object
    Path="C:\Users\Thomas Therkelsen\Documents\GitHub\Drawing-Robot\PLC\DrawingRobotProject\Physical\Config1\X20CP1382\mappServices\Package.pkg"
    LogicalPath="Config1.X20CP1382.mappServices"
    Type="Package"
    LastWriteTime="132518979836352051" />
  <Object
    Path="C:\Users\Thomas Therkelsen\Documents\GitHub\Drawing-Robot\PLC\DrawingRobotProject\Physical\Config1\X20CP1382\mappView\Package.pkg"
    LogicalPath="Config1.X20CP1382.mappView"
    Type="Package"
    LastWriteTime="132518979836352051" />
  <Object
    Path="C:\Users\Thomas Therkelsen\Documents\GitHub\Drawing-Robot\PLC\DrawingRobotProject\Physical\Config1\X20CP1382\mappCockpit\Package.pkg"
    LogicalPath="Config1.X20CP1382.mappCockpit"
    Type="Package"
    LastWriteTime="132518979836352051" />
  <Object
    Path="C:\Users\Thomas Therkelsen\Documents\GitHub\Drawing-Robot\PLC\DrawingRobotProject\Physical\Config1\Hardware.jpg"
    LogicalPath="Config1.Hardware.jpg"
    Type="File"
    LastWriteTime="132518982029961960"
    Private="false" />
</Objects>